// Jest Snapshot v1, https://goo.gl/fbAQLP

exports[`should render the Page404 component 1`] = `
<div>
  Page not found - 
  <Link
    replace={false}
    to="/"
  >
    Go Home
  </Link>
</div>
`;
